Building DAG of jobs...
Using shell: /bin/bash
Provided cores: 1 (use --cores to define parallelism)
Rules claiming more threads will be scaled down.
Job stats:
job            count    min threads    max threads
-----------  -------  -------------  -------------
RNALalifold        2              1              1
all                1              1              1
total              3              1              1

Select jobs to execute...

[Sat Jun 11 00:03:39 2022]
rule RNALalifold:
    input: data/aln1.stk
    output: Lalifold-100/split/RC_0001.stk
    log: Lalifold-100/split/RNALalifold.out, Lalifold-100/split/RNALalifold.err
    jobid: 1
    reason: Missing output files: Lalifold-100/split/RC_0001.stk
    wildcards: wlen=100/split
    resources: tmpdir=/var/folders/3g/zrpm8s3x71g2qzry1_lz0b600000gp/T

[Sat Jun 11 00:03:40 2022]
Error in rule RNALalifold:
    jobid: 1
    output: Lalifold-100/split/RC_0001.stk
    log: Lalifold-100/split/RNALalifold.out, Lalifold-100/split/RNALalifold.err (check log file(s) for error message)
    shell:
        RNALalifold -L 100/split --aln-stk --id-prefix=RC --cfactor 0.6 --nfactor 0.5 -r --csv -f S < data/aln1.stk > Lalifold-100/split/RNALalifold.out 2> Lalifold-100/split/RNALalifold.err
        (one of the commands exited with non-zero exit code; note that snakemake uses bash strict mode!)

Shutting down, this might take some time.
Exiting because a job execution failed. Look above for error message
Complete log: .snakemake/log/2022-06-11T000339.907805.snakemake.log
