Building DAG of jobs...
Using shell: /bin/bash
Provided cores: 1 (use --cores to define parallelism)
Rules claiming more threads will be scaled down.
Job stats:
job      count    min threads    max threads
-----  -------  -------------  -------------
all          1              1              1
total        1              1              1

Select jobs to execute...

[Sun Jun 12 22:32:40 2022]
localrule all:
    output: Lalifold/100/split/RC_0001.stk
    jobid: 0
    reason: Missing output files: Lalifold/100/split/RC_0001.stk
    resources: tmpdir=/var/folders/3g/zrpm8s3x71g2qzry1_lz0b600000gp/T

Waiting at most 5 seconds for missing files.
MissingOutputException in line 11 of /Users/mtw/Work/RNAConSnake/Snakefile:
Job Missing files after 5 seconds. This might be due to filesystem latency. If that is the case, consider to increase the wait time with --latency-wait:
Lalifold/100/split/RC_0001.stk completed successfully, but some output files are missing. 0
Shutting down, this might take some time.
Exiting because a job execution failed. Look above for error message
Complete log: .snakemake/log/2022-06-12T223239.963377.snakemake.log
