Building DAG of jobs...
Using shell: /bin/bash
Provided cores: 1 (use --cores to define parallelism)
Rules claiming more threads will be scaled down.
Job stats:
job      count    min threads    max threads
-----  -------  -------------  -------------
all          1              1              1
total        1              1              1

Select jobs to execute...

[Fri Jun 10 23:44:46 2022]
localrule all:
    output: Lalifold-100/RNALalifold.out, Lalifold-150/RNALalifold.out
    jobid: 0
    reason: Missing output files: Lalifold-150/RNALalifold.out, Lalifold-100/RNALalifold.out
    resources: tmpdir=/var/folders/3g/zrpm8s3x71g2qzry1_lz0b600000gp/T

Waiting at most 5 seconds for missing files.
MissingOutputException in line 14 of /Users/mtw/Work/RNAConSnake/Snakefile:
Job Missing files after 5 seconds. This might be due to filesystem latency. If that is the case, consider to increase the wait time with --latency-wait:
Lalifold-100/RNALalifold.out
Lalifold-150/RNALalifold.out completed successfully, but some output files are missing. 0
Shutting down, this might take some time.
Exiting because a job execution failed. Look above for error message
Complete log: .snakemake/log/2022-06-10T234446.014365.snakemake.log
