Building DAG of jobs...
Using shell: /bin/bash
Provided cores: 1 (use --cores to define parallelism)
Rules claiming more threads will be scaled down.
Job stats:
job                      count    min threads    max threads
---------------------  -------  -------------  -------------
RNALalifold                  1              1              1
all                          1              1              1
move_RNALalifold_data        1              1              1
total                        3              1              1

Select jobs to execute...

[Sun Jun 12 22:42:41 2022]
rule RNALalifold:
    input: data/aln1.stk
    output: Lalifold/100/RC_0001.stk
    log: Lalifold/100/RNALalifold.out, Lalifold/100/RNALalifold.err
    jobid: 2
    reason: Missing output files: Lalifold/100/RC_0001.stk
    wildcards: wlen=100
    resources: tmpdir=/var/folders/3g/zrpm8s3x71g2qzry1_lz0b600000gp/T

RNALalifold -L 100 --aln-stk --id-prefix=RC --cfactor 0.6 --nfactor 0.5 -r --csv -f S < data/aln1.stk > Lalifold/100/RNALalifold.out 2> Lalifold/100/RNALalifold.err
Waiting at most 5 seconds for missing files.
MissingOutputException in line 26 of /Users/mtw/Work/RNAConSnake/Snakefile:
Job Missing files after 5 seconds. This might be due to filesystem latency. If that is the case, consider to increase the wait time with --latency-wait:
Lalifold/100/RC_0001.stk completed successfully, but some output files are missing. 2
Shutting down, this might take some time.
Exiting because a job execution failed. Look above for error message
Complete log: .snakemake/log/2022-06-12T224241.368926.snakemake.log
